verify	Set up job	﻿2026-10-06T03:38:40.2478896Z Current runner version: '2.337.0'
verify	Set up job	2026-10-06T03:38:40.2508166Z ##[group]Runner Image Provisioner
verify	Set up job	2026-10-06T03:38:40.2509905Z Hosted Compute Agent
verify	Set up job	2026-10-06T03:38:40.2511136Z Version: 20260901.588
verify	Set up job	2026-10-06T03:38:40.2512404Z Commit: f88ec8081b781fac6c440065ac7ff9e710ce3d0b
verify	Set up job	2026-10-06T03:38:40.2513699Z Build Date: 2026-09-01T19:56:44Z
verify	Set up job	2026-10-06T03:38:40.2514954Z Worker ID: {6c9d0d46-1984-4699-8444-1fb7397ef7b0}
verify	Set up job	2026-10-06T03:38:40.2516089Z Azure Region: westcentralus
verify	Set up job	2026-10-06T03:38:40.2516773Z ##[endgroup]
verify	Set up job	2026-10-06T03:38:40.2518439Z ##[group]Operating System
verify	Set up job	2026-10-06T03:38:40.2519156Z Ubuntu
verify	Set up job	2026-10-06T03:38:40.2520285Z 24.04.5
verify	Set up job	2026-10-06T03:38:40.2521182Z LTS
verify	Set up job	2026-10-06T03:38:40.2521852Z ##[endgroup]
verify	Set up job	2026-10-06T03:38:40.2522489Z ##[group]Runner Image
verify	Set up job	2026-10-06T03:38:40.2523117Z Image: ubuntu-24.04
verify	Set up job	2026-10-06T03:38:40.2523757Z Version: 20260927.320.1
verify	Set up job	2026-10-06T03:38:40.2524844Z Included Software: https://github.com/actions/runner-images/blob/ubuntu24/20260927.320/images/ubuntu/Ubuntu2404-Readme.md
verify	Set up job	2026-10-06T03:38:40.2526765Z Image Release: https://github.com/actions/runner-images/releases/tag/ubuntu24%2F20260927.320
verify	Set up job	2026-10-06T03:38:40.2527759Z ##[endgroup]
verify	Set up job	2026-10-06T03:38:40.2529008Z ##[group]GITHUB_TOKEN Permissions
verify	Set up job	2026-10-06T03:38:40.2531490Z Contents: read
verify	Set up job	2026-10-06T03:38:40.2532254Z Metadata: read
verify	Set up job	2026-10-06T03:38:40.2532822Z ##[endgroup]
verify	Set up job	2026-10-06T03:38:40.2535658Z Secret source: Actions
verify	Set up job	2026-10-06T03:38:40.2536825Z Cache mode: write
verify	Set up job	2026-10-06T03:38:40.2537816Z Prepare workflow directory
verify	Set up job	2026-10-06T03:38:40.2884981Z Prepare all required actions
verify	Set up job	2026-10-06T03:38:40.2935585Z Getting action download info
verify	Set up job	2026-10-06T03:38:40.6152263Z Download action repository 'actions/checkout@v4' (SHA:11d5960a326750d5838078e36cf38b85af677262)
verify	Set up job	2026-10-06T03:38:40.7286393Z Download action repository 'actions/setup-node@v4' (SHA:49933ea5288caeca8642d1e84afbd3f7d6820020)
verify	Set up job	2026-10-06T03:38:40.9344039Z Complete job name: verify
verify	Run actions/checkout@v4	﻿2026-10-06T03:38:41.0139473Z ##[group]Run actions/checkout@v4
verify	Run actions/checkout@v4	2026-10-06T03:38:41.0140772Z with:
verify	Run actions/checkout@v4	2026-10-06T03:38:41.0141231Z   repository: charmeee/loop-test2
verify	Run actions/checkout@v4	2026-10-06T03:38:41.0145586Z   token: ***
verify	Run actions/checkout@v4	2026-10-06T03:38:41.0146031Z   ssh-strict: true
verify	Run actions/checkout@v4	2026-10-06T03:38:41.0146464Z   ssh-user: git
verify	Run actions/checkout@v4	2026-10-06T03:38:41.0146895Z   persist-credentials: true
verify	Run actions/checkout@v4	2026-10-06T03:38:41.0147377Z   clean: true
verify	Run actions/checkout@v4	2026-10-06T03:38:41.0147812Z   sparse-checkout-cone-mode: true
verify	Run actions/checkout@v4	2026-10-06T03:38:41.0148318Z   fetch-depth: 1
verify	Run actions/checkout@v4	2026-10-06T03:38:41.0148738Z   fetch-tags: false
verify	Run actions/checkout@v4	2026-10-06T03:38:41.0149171Z   show-progress: true
verify	Run actions/checkout@v4	2026-10-06T03:38:41.0149783Z   lfs: false
verify	Run actions/checkout@v4	2026-10-06T03:38:41.0150202Z   submodules: false
verify	Run actions/checkout@v4	2026-10-06T03:38:41.0150639Z   set-safe-directory: true
verify	Run actions/checkout@v4	2026-10-06T03:38:41.0151136Z   allow-unsafe-pr-checkout: false
verify	Run actions/checkout@v4	2026-10-06T03:38:41.0152003Z ##[endgroup]
verify	Run actions/checkout@v4	2026-10-06T03:38:41.1220248Z Syncing repository: charmeee/loop-test2
verify	Run actions/checkout@v4	2026-10-06T03:38:41.1223191Z ##[group]Getting Git version info
verify	Run actions/checkout@v4	2026-10-06T03:38:41.1224409Z Working directory is '/home/runner/work/loop-test2/loop-test2'
verify	Run actions/checkout@v4	2026-10-06T03:38:41.1226088Z [command]/usr/bin/git version
verify	Run actions/checkout@v4	2026-10-06T03:38:41.1299003Z git version 2.55.0
verify	Run actions/checkout@v4	2026-10-06T03:38:41.1324946Z ##[endgroup]
verify	Run actions/checkout@v4	2026-10-06T03:38:41.1351795Z Temporarily overriding HOME='/home/runner/work/_temp/dacc0c9d-1f84-49b4-8626-2f4ed430f4e1' before making global git config changes
verify	Run actions/checkout@v4	2026-10-06T03:38:41.1354139Z Adding repository directory to the temporary git global config as a safe directory
verify	Run actions/checkout@v4	2026-10-06T03:38:41.1356980Z [command]/usr/bin/git config --global --add safe.directory /home/runner/work/loop-test2/loop-test2
verify	Run actions/checkout@v4	2026-10-06T03:38:41.1413318Z Deleting the contents of '/home/runner/work/loop-test2/loop-test2'
verify	Run actions/checkout@v4	2026-10-06T03:38:41.1423435Z ##[group]Initializing the repository
verify	Run actions/checkout@v4	2026-10-06T03:38:41.1424685Z [command]/usr/bin/git init /home/runner/work/loop-test2/loop-test2
verify	Run actions/checkout@v4	2026-10-06T03:38:41.1536282Z hint: Using 'master' as the name for the initial branch. This default branch name
verify	Run actions/checkout@v4	2026-10-06T03:38:41.1540211Z hint: will change to "main" in Git 3.0. To configure the initial branch name
verify	Run actions/checkout@v4	2026-10-06T03:38:41.1541311Z hint: to use in all of your new repositories, which will suppress this warning,
verify	Run actions/checkout@v4	2026-10-06T03:38:41.1542350Z hint: call:
verify	Run actions/checkout@v4	2026-10-06T03:38:41.1542749Z hint:
verify	Run actions/checkout@v4	2026-10-06T03:38:41.1543274Z hint: 	git config --global init.defaultBranch <name>
verify	Run actions/checkout@v4	2026-10-06T03:38:41.1543909Z hint:
verify	Run actions/checkout@v4	2026-10-06T03:38:41.1544486Z hint: Names commonly chosen instead of 'master' are 'main', 'trunk' and
verify	Run actions/checkout@v4	2026-10-06T03:38:41.1545413Z hint: 'development'. The just-created branch can be renamed via this command:
verify	Run actions/checkout@v4	2026-10-06T03:38:41.1546146Z hint:
verify	Run actions/checkout@v4	2026-10-06T03:38:41.1546555Z hint: 	git branch -m <name>
verify	Run actions/checkout@v4	2026-10-06T03:38:41.1547031Z hint:
verify	Run actions/checkout@v4	2026-10-06T03:38:41.1547680Z hint: Disable this message with "git config set advice.defaultBranchName false"
verify	Run actions/checkout@v4	2026-10-06T03:38:41.1549199Z Initialized empty Git repository in /home/runner/work/loop-test2/loop-test2/.git/
verify	Run actions/checkout@v4	2026-10-06T03:38:41.1552959Z [command]/usr/bin/git remote add origin https://github.com/charmeee/loop-test2
verify	Run actions/checkout@v4	2026-10-06T03:38:41.1610168Z ##[endgroup]
verify	Run actions/checkout@v4	2026-10-06T03:38:41.1611618Z ##[group]Disabling automatic garbage collection
verify	Run actions/checkout@v4	2026-10-06T03:38:41.1616276Z [command]/usr/bin/git config --local gc.auto 0
verify	Run actions/checkout@v4	2026-10-06T03:38:41.1660086Z ##[endgroup]
verify	Run actions/checkout@v4	2026-10-06T03:38:41.1661432Z ##[group]Setting up auth
verify	Run actions/checkout@v4	2026-10-06T03:38:41.1668739Z [command]/usr/bin/git config --local --name-only --get-regexp core\.sshCommand
verify	Run actions/checkout@v4	2026-10-06T03:38:41.1726517Z [command]/usr/bin/git submodule foreach --recursive sh -c "git config --local --name-only --get-regexp 'core\.sshCommand' && git config --local --unset-all 'core.sshCommand' || :"
verify	Run actions/checkout@v4	2026-10-06T03:38:41.2152361Z [command]/usr/bin/git config --local --name-only --get-regexp http\.https\:\/\/github\.com\/\.extraheader
verify	Run actions/checkout@v4	2026-10-06T03:38:41.2204361Z [command]/usr/bin/git submodule foreach --recursive sh -c "git config --local --name-only --get-regexp 'http\.https\:\/\/github\.com\/\.extraheader' && git config --local --unset-all 'http.https://github.com/.extraheader' || :"
verify	Run actions/checkout@v4	2026-10-06T03:38:41.2457735Z [command]/usr/bin/git config --local --name-only --get-regexp ^includeIf\.gitdir:
verify	Run actions/checkout@v4	2026-10-06T03:38:41.2498295Z [command]/usr/bin/git submodule foreach --recursive git config --local --show-origin --name-only --get-regexp remote.origin.url
verify	Run actions/checkout@v4	2026-10-06T03:38:41.2805932Z [command]/usr/bin/git config --local http.https://github.com/.extraheader AUTHORIZATION: basic ***
verify	Run actions/checkout@v4	2026-10-06T03:38:41.2873754Z ##[endgroup]
verify	Run actions/checkout@v4	2026-10-06T03:38:41.2875922Z ##[group]Fetching the repository
verify	Run actions/checkout@v4	2026-10-06T03:38:41.2885915Z [command]/usr/bin/git -c protocol.version=2 fetch --no-tags --prune --no-recurse-submodules --depth=1 origin +b5c034fda5620211ba4b629bb247384223cfbfb6:refs/remotes/origin/issue/1-implementation
verify	Run actions/checkout@v4	2026-10-06T03:38:41.6782681Z From https://github.com/charmeee/loop-test2
verify	Run actions/checkout@v4	2026-10-06T03:38:41.6784636Z  * [new ref]         b5c034fda5620211ba4b629bb247384223cfbfb6 -> origin/issue/1-implementation
verify	Run actions/checkout@v4	2026-10-06T03:38:41.6787929Z ##[endgroup]
verify	Run actions/checkout@v4	2026-10-06T03:38:41.6789284Z ##[group]Determining the checkout info
verify	Run actions/checkout@v4	2026-10-06T03:38:41.6791576Z ##[endgroup]
verify	Run actions/checkout@v4	2026-10-06T03:38:41.6798289Z [command]/usr/bin/git sparse-checkout disable
verify	Run actions/checkout@v4	2026-10-06T03:38:41.6856872Z [command]/usr/bin/git config --local --unset-all extensions.worktreeConfig
verify	Run actions/checkout@v4	2026-10-06T03:38:41.6892405Z ##[group]Checking out the ref
verify	Run actions/checkout@v4	2026-10-06T03:38:41.6897884Z [command]/usr/bin/git checkout --progress --force -B issue/1-implementation refs/remotes/origin/issue/1-implementation
verify	Run actions/checkout@v4	2026-10-06T03:38:41.7090232Z Switched to a new branch 'issue/1-implementation'
verify	Run actions/checkout@v4	2026-10-06T03:38:41.7120941Z branch 'issue/1-implementation' set up to track 'origin/issue/1-implementation'.
verify	Run actions/checkout@v4	2026-10-06T03:38:41.7125024Z ##[endgroup]
verify	Run actions/checkout@v4	2026-10-06T03:38:41.7178782Z [command]/usr/bin/git log -1 --format=%H
verify	Run actions/checkout@v4	2026-10-06T03:38:41.7212999Z b5c034fda5620211ba4b629bb247384223cfbfb6
verify	Run actions/setup-node@v4	﻿2026-10-06T03:38:41.7652177Z ##[group]Run actions/setup-node@v4
verify	Run actions/setup-node@v4	2026-10-06T03:38:41.7652808Z with:
verify	Run actions/setup-node@v4	2026-10-06T03:38:41.7653211Z   node-version: 22
verify	Run actions/setup-node@v4	2026-10-06T03:38:41.7653641Z   cache: npm
verify	Run actions/setup-node@v4	2026-10-06T03:38:41.7654053Z   always-auth: false
verify	Run actions/setup-node@v4	2026-10-06T03:38:41.7654496Z   check-latest: false
verify	Run actions/setup-node@v4	2026-10-06T03:38:41.7658400Z   token: ***
verify	Run actions/setup-node@v4	2026-10-06T03:38:41.7659096Z ##[endgroup]
verify	Run actions/setup-node@v4	2026-10-06T03:38:41.9201219Z Found in cache @ /opt/hostedtoolcache/node/22.23.3/x64
verify	Run actions/setup-node@v4	2026-10-06T03:38:41.9206939Z (node:2340) [DEP0040] DeprecationWarning: The `punycode` module is deprecated. Please use a userland alternative instead.
verify	Run actions/setup-node@v4	2026-10-06T03:38:41.9208500Z (Use `node --trace-deprecation ...` to show where the warning was created)
verify	Run actions/setup-node@v4	2026-10-06T03:38:41.9211483Z ##[group]Environment details
verify	Run actions/setup-node@v4	2026-10-06T03:38:42.3362960Z node: v22.23.3
verify	Run actions/setup-node@v4	2026-10-06T03:38:42.3363779Z npm: 10.9.9
verify	Run actions/setup-node@v4	2026-10-06T03:38:42.3364080Z yarn: 1.22.22
verify	Run actions/setup-node@v4	2026-10-06T03:38:42.3364908Z ##[endgroup]
verify	Run actions/setup-node@v4	2026-10-06T03:38:42.3384714Z [command]/opt/hostedtoolcache/node/22.23.3/x64/bin/npm config get cache
verify	Run actions/setup-node@v4	2026-10-06T03:38:42.4544691Z /home/runner/.npm
verify	Run actions/setup-node@v4	2026-10-06T03:38:42.6440282Z Cache hit for: node-cache-Linux-x64-npm-52d34251daa5f65daf74fe9b36ae44200d9ed8a9f1413d93493a3c74fdbe2e8b
verify	Run actions/setup-node@v4	2026-10-06T03:38:42.6550899Z (node:2340) [DEP0169] DeprecationWarning: `url.parse()` behavior is not standardized and prone to errors that have security implications. Use the WHATWG URL API instead. CVEs are not issued for `url.parse()` vulnerabilities.
verify	Run actions/setup-node@v4	2026-10-06T03:38:42.8697427Z Received 1022 of 1022 (100.0%), 0.0 MBs/sec
verify	Run actions/setup-node@v4	2026-10-06T03:38:42.8698341Z Cache Size: ~0 MB (1022 B)
verify	Run actions/setup-node@v4	2026-10-06T03:38:42.8728792Z [command]/usr/bin/tar -xf /home/runner/work/_temp/9216ebc1-f6f6-4025-a67f-d658d588d5a4/cache.tzst -P -C /home/runner/work/loop-test2/loop-test2 --use-compress-program unzstd
verify	Run actions/setup-node@v4	2026-10-06T03:38:42.8799394Z Cache restored successfully
verify	Run actions/setup-node@v4	2026-10-06T03:38:42.8804026Z Cache restored from key: node-cache-Linux-x64-npm-52d34251daa5f65daf74fe9b36ae44200d9ed8a9f1413d93493a3c74fdbe2e8b
verify	Run npm ci	﻿2026-10-06T03:38:42.9019010Z ##[group]Run npm ci
verify	Run npm ci	2026-10-06T03:38:42.9019417Z [36;1mnpm ci[0m
verify	Run npm ci	2026-10-06T03:38:42.9279851Z shell: /usr/bin/bash -e {0}
verify	Run npm ci	2026-10-06T03:38:42.9280316Z ##[endgroup]
verify	Run npm ci	2026-10-06T03:38:43.5362568Z 
verify	Run npm ci	2026-10-06T03:38:43.5369978Z up to date, audited 1 package in 545ms
verify	Run npm ci	2026-10-06T03:38:43.5371122Z 
verify	Run npm ci	2026-10-06T03:38:43.5371430Z found 0 vulnerabilities
verify	Run npm test	﻿2026-10-06T03:38:43.5788597Z ##[group]Run npm test
verify	Run npm test	2026-10-06T03:38:43.5788913Z [36;1mnpm test[0m
verify	Run npm test	2026-10-06T03:38:43.5859194Z shell: /usr/bin/bash -e {0}
verify	Run npm test	2026-10-06T03:38:43.5859503Z ##[endgroup]
verify	Run npm test	2026-10-06T03:38:43.7066480Z 
verify	Run npm test	2026-10-06T03:38:43.7067351Z > loop-test2@1.0.0 test
verify	Run npm test	2026-10-06T03:38:43.7068240Z > node --test tests/*.test.mjs
verify	Run npm test	2026-10-06T03:38:43.7068649Z 
verify	Run npm test	2026-10-06T03:38:43.7690257Z TAP version 13
verify	Run npm test	2026-10-06T03:38:43.8375355Z # Subtest: ordinary money values round to cents
verify	Run npm test	2026-10-06T03:38:43.8392270Z ok 1 - ordinary money values round to cents
verify	Run npm test	2026-10-06T03:38:43.8393289Z   ---
verify	Run npm test	2026-10-06T03:38:43.8394026Z   duration_ms: 1.223062
verify	Run npm test	2026-10-06T03:38:43.8394719Z   type: 'test'
verify	Run npm test	2026-10-06T03:38:43.8395319Z   ...
verify	Run npm test	2026-10-06T03:38:43.8396072Z # Subtest: money rejects non-finite inputs
verify	Run npm test	2026-10-06T03:38:43.8396998Z ok 2 - money rejects non-finite inputs
verify	Run npm test	2026-10-06T03:38:43.8397769Z   ---
verify	Run npm test	2026-10-06T03:38:43.8398465Z   duration_ms: 0.648956
verify	Run npm test	2026-10-06T03:38:43.8399266Z   type: 'test'
verify	Run npm test	2026-10-06T03:38:43.8401151Z   ...
verify	Run npm test	2026-10-06T03:38:43.8402317Z # Subtest: quote totals valid amounts and empty lists
verify	Run npm test	2026-10-06T03:38:43.8403608Z ok 3 - quote totals valid amounts and empty lists
verify	Run npm test	2026-10-06T03:38:43.8404723Z   ---
verify	Run npm test	2026-10-06T03:38:43.8405568Z   duration_ms: 0.263393
verify	Run npm test	2026-10-06T03:38:43.8421645Z   type: 'test'
verify	Run npm test	2026-10-06T03:38:43.8450396Z   ...
verify	Run npm test	2026-10-06T03:38:43.8451418Z # Subtest: quote rejects invalid amounts
verify	Run npm test	2026-10-06T03:38:43.8452558Z ok 4 - quote rejects invalid amounts
verify	Run npm test	2026-10-06T03:38:43.8453447Z   ---
verify	Run npm test	2026-10-06T03:38:43.8454157Z   duration_ms: 0.318957
verify	Run npm test	2026-10-06T03:38:43.8454976Z   type: 'test'
verify	Run npm test	2026-10-06T03:38:43.8455726Z   ...
verify	Run npm test	2026-10-06T03:38:43.8500884Z # Subtest: discount applies the percentage without rounding to cents
verify	Run npm test	2026-10-06T03:38:43.8520029Z ok 5 - discount applies the percentage without rounding to cents
verify	Run npm test	2026-10-06T03:38:43.8531357Z   ---
verify	Run npm test	2026-10-06T03:38:43.8548914Z   duration_ms: 2.00649
verify	Run npm test	2026-10-06T03:38:43.8550201Z   type: 'test'
verify	Run npm test	2026-10-06T03:38:43.8551009Z   ...
verify	Run npm test	2026-10-06T03:38:43.8552810Z # Subtest: discount handles zero and full percentages and zero amounts
verify	Run npm test	2026-10-06T03:38:43.8554262Z ok 6 - discount handles zero and full percentages and zero amounts
verify	Run npm test	2026-10-06T03:38:43.8555085Z   ---
verify	Run npm test	2026-10-06T03:38:43.8555484Z   duration_ms: 0.264014
verify	Run npm test	2026-10-06T03:38:43.8555894Z   type: 'test'
verify	Run npm test	2026-10-06T03:38:43.8556267Z   ...
verify	Run npm test	2026-10-06T03:38:43.8556794Z # Subtest: discount rejects invalid amounts with RangeError
verify	Run npm test	2026-10-06T03:38:43.8557444Z ok 7 - discount rejects invalid amounts with RangeError
verify	Run npm test	2026-10-06T03:38:43.8557935Z   ---
verify	Run npm test	2026-10-06T03:38:43.8558322Z   duration_ms: 0.709731
verify	Run npm test	2026-10-06T03:38:43.8558767Z   type: 'test'
verify	Run npm test	2026-10-06T03:38:43.8559136Z   ...
verify	Run npm test	2026-10-06T03:38:43.8560175Z # Subtest: discount rejects invalid percentages with RangeError
verify	Run npm test	2026-10-06T03:38:43.8561309Z ok 8 - discount rejects invalid percentages with RangeError
verify	Run npm test	2026-10-06T03:38:43.8561901Z   ---
verify	Run npm test	2026-10-06T03:38:43.8562124Z   duration_ms: 0.520555
verify	Run npm test	2026-10-06T03:38:43.8562360Z   type: 'test'
verify	Run npm test	2026-10-06T03:38:43.8562591Z   ...
verify	Run npm test	2026-10-06T03:38:44.0265884Z # Subtest: agent process records usage and terminates excessive work without calling a real AI
verify	Run npm test	2026-10-06T03:38:44.0281264Z ok 9 - agent process records usage and terminates excessive work without calling a real AI
verify	Run npm test	2026-10-06T03:38:44.0282304Z   ---
verify	Run npm test	2026-10-06T03:38:44.0282581Z   duration_ms: 204.939933
verify	Run npm test	2026-10-06T03:38:44.0282866Z   type: 'test'
verify	Run npm test	2026-10-06T03:38:44.0283091Z   ...
verify	Run npm test	2026-10-06T03:38:44.0349937Z # Subtest: all issues run once in numeric order and a failure does not stop the queue
verify	Run npm test	2026-10-06T03:38:44.0351395Z ok 10 - all issues run once in numeric order and a failure does not stop the queue
verify	Run npm test	2026-10-06T03:38:44.0352243Z   ---
verify	Run npm test	2026-10-06T03:38:44.0352659Z   duration_ms: 2.13948
verify	Run npm test	2026-10-06T03:38:44.0353109Z   type: 'test'
verify	Run npm test	2026-10-06T03:38:44.0353489Z   ...
verify	Run npm test	2026-10-06T03:38:44.0354338Z # Subtest: blocked items remain in the summary and an empty queue does no work
verify	Run npm test	2026-10-06T03:38:44.0355519Z ok 11 - blocked items remain in the summary and an empty queue does no work
verify	Run npm test	2026-10-06T03:38:44.0356880Z   ---
verify	Run npm test	2026-10-06T03:38:44.0357292Z   duration_ms: 0.446607
verify	Run npm test	2026-10-06T03:38:44.0357773Z   type: 'test'
verify	Run npm test	2026-10-06T03:38:44.0358205Z   ...
verify	Run npm test	2026-10-06T03:38:44.0358875Z # Subtest: no CI and unfinished checks cannot approve
verify	Run npm test	2026-10-06T03:38:44.0360100Z ok 12 - no CI and unfinished checks cannot approve
verify	Run npm test	2026-10-06T03:38:44.0360765Z   ---
verify	Run npm test	2026-10-06T03:38:44.0361182Z   duration_ms: 0.979957
verify	Run npm test	2026-10-06T03:38:44.0361727Z   type: 'test'
verify	Run npm test	2026-10-06T03:38:44.0362123Z   ...
verify	Run npm test	2026-10-06T03:38:44.0362853Z # Subtest: policy rejects CI/package modifications and large diffs
verify	Run npm test	2026-10-06T03:38:44.0363903Z ok 13 - policy rejects CI/package modifications and large diffs
verify	Run npm test	2026-10-06T03:38:44.0364591Z   ---
verify	Run npm test	2026-10-06T03:38:44.0365096Z   duration_ms: 0.53347
verify	Run npm test	2026-10-06T03:38:44.0365572Z   type: 'test'
verify	Run npm test	2026-10-06T03:38:44.0365967Z   ...
verify	Run npm test	2026-10-06T03:38:44.0366660Z # Subtest: issue matching never treats issue 10 as issue 1
verify	Run npm test	2026-10-06T03:38:44.0367589Z ok 14 - issue matching never treats issue 10 as issue 1
verify	Run npm test	2026-10-06T03:38:44.0368241Z   ---
verify	Run npm test	2026-10-06T03:38:44.0368649Z   duration_ms: 0.289743
verify	Run npm test	2026-10-06T03:38:44.0369105Z   type: 'test'
verify	Run npm test	2026-10-06T03:38:44.0369514Z   ...
verify	Run npm test	2026-10-06T03:38:44.0370448Z # Subtest: unknown mode and malformed selectors are rejected
verify	Run npm test	2026-10-06T03:38:44.0371384Z ok 15 - unknown mode and malformed selectors are rejected
verify	Run npm test	2026-10-06T03:38:44.0372049Z   ---
verify	Run npm test	2026-10-06T03:38:44.0372439Z   duration_ms: 0.861594
verify	Run npm test	2026-10-06T03:38:44.0372894Z   type: 'test'
verify	Run npm test	2026-10-06T03:38:44.0373292Z   ...
verify	Run npm test	2026-10-06T03:38:44.0374148Z # Subtest: agent work counting deduplicates start/complete and enforces the action cap
verify	Run npm test	2026-10-06T03:38:44.0375494Z ok 16 - agent work counting deduplicates start/complete and enforces the action cap
verify	Run npm test	2026-10-06T03:38:44.0376347Z   ---
verify	Run npm test	2026-10-06T03:38:44.0376780Z   duration_ms: 1.393482
verify	Run npm test	2026-10-06T03:38:44.0377223Z   type: 'test'
verify	Run npm test	2026-10-06T03:38:44.0377596Z   ...
verify	Run npm test	2026-10-06T03:38:44.0377959Z 1..16
verify	Run npm test	2026-10-06T03:38:44.0378368Z # tests 16
verify	Run npm test	2026-10-06T03:38:44.0378740Z # suites 0
verify	Run npm test	2026-10-06T03:38:44.0379464Z # pass 16
verify	Run npm test	2026-10-06T03:38:44.0380109Z # fail 0
verify	Run npm test	2026-10-06T03:38:44.0380488Z # cancelled 0
verify	Run npm test	2026-10-06T03:38:44.0380878Z # skipped 0
verify	Run npm test	2026-10-06T03:38:44.0381278Z # todo 0
verify	Run npm test	2026-10-06T03:38:44.0381704Z # duration_ms 291.448368
verify	Run npm run lint	﻿2026-10-06T03:38:44.0517321Z ##[group]Run npm run lint
verify	Run npm run lint	2026-10-06T03:38:44.0517648Z [36;1mnpm run lint[0m
verify	Run npm run lint	2026-10-06T03:38:44.0581469Z shell: /usr/bin/bash -e {0}
verify	Run npm run lint	2026-10-06T03:38:44.0581810Z ##[endgroup]
verify	Run npm run lint	2026-10-06T03:38:44.1626963Z 
verify	Run npm run lint	2026-10-06T03:38:44.1628016Z > loop-test2@1.0.0 lint
verify	Run npm run lint	2026-10-06T03:38:44.1628915Z > node scripts/lint.mjs
verify	Run npm run lint	2026-10-06T03:38:44.1629435Z 
verify	Post Run actions/setup-node@v4	﻿2026-10-06T03:38:44.6042771Z Post job cleanup.
verify	Post Run actions/setup-node@v4	2026-10-06T03:38:44.7294706Z (node:2611) [DEP0040] DeprecationWarning: The `punycode` module is deprecated. Please use a userland alternative instead.
verify	Post Run actions/setup-node@v4	2026-10-06T03:38:44.7296611Z (Use `node --trace-deprecation ...` to show where the warning was created)
verify	Post Run actions/setup-node@v4	2026-10-06T03:38:44.7298702Z Cache hit occurred on the primary key node-cache-Linux-x64-npm-52d34251daa5f65daf74fe9b36ae44200d9ed8a9f1413d93493a3c74fdbe2e8b, not saving cache.
verify	Post Run actions/checkout@v4	﻿2026-10-06T03:38:44.7465943Z Post job cleanup.
verify	Post Run actions/checkout@v4	2026-10-06T03:38:44.8332925Z [command]/usr/bin/git version
verify	Post Run actions/checkout@v4	2026-10-06T03:38:44.8374042Z git version 2.55.0
verify	Post Run actions/checkout@v4	2026-10-06T03:38:44.8412589Z Temporarily overriding HOME='/home/runner/work/_temp/0d8d4dce-967d-4fda-af14-e03bb5f8ff14' before making global git config changes
verify	Post Run actions/checkout@v4	2026-10-06T03:38:44.8414432Z Adding repository directory to the temporary git global config as a safe directory
verify	Post Run actions/checkout@v4	2026-10-06T03:38:44.8417390Z [command]/usr/bin/git config --global --add safe.directory /home/runner/work/loop-test2/loop-test2
verify	Post Run actions/checkout@v4	2026-10-06T03:38:44.8457945Z [command]/usr/bin/git config --local --name-only --get-regexp core\.sshCommand
verify	Post Run actions/checkout@v4	2026-10-06T03:38:44.8492745Z [command]/usr/bin/git submodule foreach --recursive sh -c "git config --local --name-only --get-regexp 'core\.sshCommand' && git config --local --unset-all 'core.sshCommand' || :"
verify	Post Run actions/checkout@v4	2026-10-06T03:38:44.8738627Z [command]/usr/bin/git config --local --name-only --get-regexp http\.https\:\/\/github\.com\/\.extraheader
verify	Post Run actions/checkout@v4	2026-10-06T03:38:44.8777206Z http.https://github.com/.extraheader
verify	Post Run actions/checkout@v4	2026-10-06T03:38:44.8779367Z [command]/usr/bin/git config --local --unset-all http.https://github.com/.extraheader
verify	Post Run actions/checkout@v4	2026-10-06T03:38:44.8821069Z [command]/usr/bin/git submodule foreach --recursive sh -c "git config --local --name-only --get-regexp 'http\.https\:\/\/github\.com\/\.extraheader' && git config --local --unset-all 'http.https://github.com/.extraheader' || :"
verify	Post Run actions/checkout@v4	2026-10-06T03:38:44.9070826Z [command]/usr/bin/git config --local --name-only --get-regexp ^includeIf\.gitdir:
verify	Post Run actions/checkout@v4	2026-10-06T03:38:44.9104436Z [command]/usr/bin/git submodule foreach --recursive git config --local --show-origin --name-only --get-regexp remote.origin.url
verify	Complete job	﻿2026-10-06T03:38:44.9516597Z Cleaning up orphan processes
verify	Complete job	2026-10-06T03:38:44.9830996Z ##[warning]Node.js 20 is deprecated. The following actions target Node.js 20 but are being forced to run on Node.js 24: actions/checkout@v4, actions/setup-node@v4. For more information see: https://github.blog/changelog/2025-09-19-deprecation-of-node-20-on-github-actions-runners/
