verify	Set up job	﻿2026-10-06T03:40:48.9313982Z Current runner version: '2.337.0'
verify	Set up job	2026-10-06T03:40:48.9338128Z ##[group]Runner Image Provisioner
verify	Set up job	2026-10-06T03:40:48.9339022Z Hosted Compute Agent
verify	Set up job	2026-10-06T03:40:48.9339609Z Version: 20260901.588
verify	Set up job	2026-10-06T03:40:48.9340178Z Commit: f88ec8081b781fac6c440065ac7ff9e710ce3d0b
verify	Set up job	2026-10-06T03:40:48.9340814Z Build Date: 2026-09-01T19:56:44Z
verify	Set up job	2026-10-06T03:40:48.9341473Z Worker ID: {ecd5e0b0-fbdf-4daa-a3ac-0c07c54d2c9f}
verify	Set up job	2026-10-06T03:40:48.9342145Z Azure Region: westus3
verify	Set up job	2026-10-06T03:40:48.9342675Z ##[endgroup]
verify	Set up job	2026-10-06T03:40:48.9344087Z ##[group]Operating System
verify	Set up job	2026-10-06T03:40:48.9344656Z Ubuntu
verify	Set up job	2026-10-06T03:40:48.9345220Z 24.04.5
verify	Set up job	2026-10-06T03:40:48.9345865Z LTS
verify	Set up job	2026-10-06T03:40:48.9346348Z ##[endgroup]
verify	Set up job	2026-10-06T03:40:48.9346844Z ##[group]Runner Image
verify	Set up job	2026-10-06T03:40:48.9347390Z Image: ubuntu-24.04
verify	Set up job	2026-10-06T03:40:48.9347935Z Version: 20260927.320.1
verify	Set up job	2026-10-06T03:40:48.9348873Z Included Software: https://github.com/actions/runner-images/blob/ubuntu24/20260927.320/images/ubuntu/Ubuntu2404-Readme.md
verify	Set up job	2026-10-06T03:40:48.9350470Z Image Release: https://github.com/actions/runner-images/releases/tag/ubuntu24%2F20260927.320
verify	Set up job	2026-10-06T03:40:48.9351328Z ##[endgroup]
verify	Set up job	2026-10-06T03:40:48.9352368Z ##[group]GITHUB_TOKEN Permissions
verify	Set up job	2026-10-06T03:40:48.9354457Z Contents: read
verify	Set up job	2026-10-06T03:40:48.9355103Z Metadata: read
verify	Set up job	2026-10-06T03:40:48.9355842Z ##[endgroup]
verify	Set up job	2026-10-06T03:40:48.9358185Z Secret source: Actions
verify	Set up job	2026-10-06T03:40:48.9359140Z Cache mode: write
verify	Set up job	2026-10-06T03:40:48.9359736Z Prepare workflow directory
verify	Set up job	2026-10-06T03:40:48.9673729Z Prepare all required actions
verify	Set up job	2026-10-06T03:40:48.9721190Z Getting action download info
verify	Set up job	2026-10-06T03:40:49.2997257Z Download action repository 'actions/checkout@v4' (SHA:11d5960a326750d5838078e36cf38b85af677262)
verify	Set up job	2026-10-06T03:40:49.4037452Z Download action repository 'actions/setup-node@v4' (SHA:49933ea5288caeca8642d1e84afbd3f7d6820020)
verify	Set up job	2026-10-06T03:40:49.5640773Z Complete job name: verify
verify	Run actions/checkout@v4	﻿2026-10-06T03:40:49.6319632Z ##[group]Run actions/checkout@v4
verify	Run actions/checkout@v4	2026-10-06T03:40:49.6320588Z with:
verify	Run actions/checkout@v4	2026-10-06T03:40:49.6321127Z   repository: charmeee/loop-test2
verify	Run actions/checkout@v4	2026-10-06T03:40:49.6324727Z   token: ***
verify	Run actions/checkout@v4	2026-10-06T03:40:49.6325506Z   ssh-strict: true
verify	Run actions/checkout@v4	2026-10-06T03:40:49.6325994Z   ssh-user: git
verify	Run actions/checkout@v4	2026-10-06T03:40:49.6326497Z   persist-credentials: true
verify	Run actions/checkout@v4	2026-10-06T03:40:49.6327022Z   clean: true
verify	Run actions/checkout@v4	2026-10-06T03:40:49.6327525Z   sparse-checkout-cone-mode: true
verify	Run actions/checkout@v4	2026-10-06T03:40:49.6328083Z   fetch-depth: 1
verify	Run actions/checkout@v4	2026-10-06T03:40:49.6328540Z   fetch-tags: false
verify	Run actions/checkout@v4	2026-10-06T03:40:49.6328996Z   show-progress: true
verify	Run actions/checkout@v4	2026-10-06T03:40:49.6329495Z   lfs: false
verify	Run actions/checkout@v4	2026-10-06T03:40:49.6329988Z   submodules: false
verify	Run actions/checkout@v4	2026-10-06T03:40:49.6330477Z   set-safe-directory: true
verify	Run actions/checkout@v4	2026-10-06T03:40:49.6331000Z   allow-unsafe-pr-checkout: false
verify	Run actions/checkout@v4	2026-10-06T03:40:49.6331855Z ##[endgroup]
verify	Run actions/checkout@v4	2026-10-06T03:40:49.7476219Z Syncing repository: charmeee/loop-test2
verify	Run actions/checkout@v4	2026-10-06T03:40:49.7478051Z ##[group]Getting Git version info
verify	Run actions/checkout@v4	2026-10-06T03:40:49.7478744Z Working directory is '/home/runner/work/loop-test2/loop-test2'
verify	Run actions/checkout@v4	2026-10-06T03:40:49.7479819Z [command]/usr/bin/git version
verify	Run actions/checkout@v4	2026-10-06T03:40:49.7480289Z git version 2.55.0
verify	Run actions/checkout@v4	2026-10-06T03:40:49.7481703Z ##[endgroup]
verify	Run actions/checkout@v4	2026-10-06T03:40:49.7486225Z Temporarily overriding HOME='/home/runner/work/_temp/dcde130b-3d23-481e-a836-094aee793969' before making global git config changes
verify	Run actions/checkout@v4	2026-10-06T03:40:49.7488081Z Adding repository directory to the temporary git global config as a safe directory
verify	Run actions/checkout@v4	2026-10-06T03:40:49.7489397Z [command]/usr/bin/git config --global --add safe.directory /home/runner/work/loop-test2/loop-test2
verify	Run actions/checkout@v4	2026-10-06T03:40:49.7491217Z Deleting the contents of '/home/runner/work/loop-test2/loop-test2'
verify	Run actions/checkout@v4	2026-10-06T03:40:49.7492527Z ##[group]Initializing the repository
verify	Run actions/checkout@v4	2026-10-06T03:40:49.7493174Z [command]/usr/bin/git init /home/runner/work/loop-test2/loop-test2
verify	Run actions/checkout@v4	2026-10-06T03:40:49.7550791Z hint: Using 'master' as the name for the initial branch. This default branch name
verify	Run actions/checkout@v4	2026-10-06T03:40:49.7552630Z hint: will change to "main" in Git 3.0. To configure the initial branch name
verify	Run actions/checkout@v4	2026-10-06T03:40:49.7554356Z hint: to use in all of your new repositories, which will suppress this warning,
verify	Run actions/checkout@v4	2026-10-06T03:40:49.7556458Z hint: call:
verify	Run actions/checkout@v4	2026-10-06T03:40:49.7557184Z hint:
verify	Run actions/checkout@v4	2026-10-06T03:40:49.7558053Z hint: 	git config --global init.defaultBranch <name>
verify	Run actions/checkout@v4	2026-10-06T03:40:49.7559099Z hint:
verify	Run actions/checkout@v4	2026-10-06T03:40:49.7560091Z hint: Names commonly chosen instead of 'master' are 'main', 'trunk' and
verify	Run actions/checkout@v4	2026-10-06T03:40:49.7561748Z hint: 'development'. The just-created branch can be renamed via this command:
verify	Run actions/checkout@v4	2026-10-06T03:40:49.7563468Z hint:
verify	Run actions/checkout@v4	2026-10-06T03:40:49.7564211Z hint: 	git branch -m <name>
verify	Run actions/checkout@v4	2026-10-06T03:40:49.7565039Z hint:
verify	Run actions/checkout@v4	2026-10-06T03:40:49.7566268Z hint: Disable this message with "git config set advice.defaultBranchName false"
verify	Run actions/checkout@v4	2026-10-06T03:40:49.7568321Z Initialized empty Git repository in /home/runner/work/loop-test2/loop-test2/.git/
verify	Run actions/checkout@v4	2026-10-06T03:40:49.7571090Z [command]/usr/bin/git remote add origin https://github.com/charmeee/loop-test2
verify	Run actions/checkout@v4	2026-10-06T03:40:49.7604208Z ##[endgroup]
verify	Run actions/checkout@v4	2026-10-06T03:40:49.7605869Z ##[group]Disabling automatic garbage collection
verify	Run actions/checkout@v4	2026-10-06T03:40:49.7607718Z [command]/usr/bin/git config --local gc.auto 0
verify	Run actions/checkout@v4	2026-10-06T03:40:49.7634156Z ##[endgroup]
verify	Run actions/checkout@v4	2026-10-06T03:40:49.7635670Z ##[group]Setting up auth
verify	Run actions/checkout@v4	2026-10-06T03:40:49.7641004Z [command]/usr/bin/git config --local --name-only --get-regexp core\.sshCommand
verify	Run actions/checkout@v4	2026-10-06T03:40:49.7666774Z [command]/usr/bin/git submodule foreach --recursive sh -c "git config --local --name-only --get-regexp 'core\.sshCommand' && git config --local --unset-all 'core.sshCommand' || :"
verify	Run actions/checkout@v4	2026-10-06T03:40:49.7969999Z [command]/usr/bin/git config --local --name-only --get-regexp http\.https\:\/\/github\.com\/\.extraheader
verify	Run actions/checkout@v4	2026-10-06T03:40:49.8003309Z [command]/usr/bin/git submodule foreach --recursive sh -c "git config --local --name-only --get-regexp 'http\.https\:\/\/github\.com\/\.extraheader' && git config --local --unset-all 'http.https://github.com/.extraheader' || :"
verify	Run actions/checkout@v4	2026-10-06T03:40:49.8192899Z [command]/usr/bin/git config --local --name-only --get-regexp ^includeIf\.gitdir:
verify	Run actions/checkout@v4	2026-10-06T03:40:49.8222890Z [command]/usr/bin/git submodule foreach --recursive git config --local --show-origin --name-only --get-regexp remote.origin.url
verify	Run actions/checkout@v4	2026-10-06T03:40:49.8394997Z [command]/usr/bin/git config --local http.https://github.com/.extraheader AUTHORIZATION: basic ***
verify	Run actions/checkout@v4	2026-10-06T03:40:49.8428478Z ##[endgroup]
verify	Run actions/checkout@v4	2026-10-06T03:40:49.8429272Z ##[group]Fetching the repository
verify	Run actions/checkout@v4	2026-10-06T03:40:49.8437855Z [command]/usr/bin/git -c protocol.version=2 fetch --no-tags --prune --no-recurse-submodules --depth=1 origin +2de0b0bc0de4620e2d07252c898911a35d2170f7:refs/remotes/origin/issue/3-implementation
verify	Run actions/checkout@v4	2026-10-06T03:40:50.3253061Z From https://github.com/charmeee/loop-test2
verify	Run actions/checkout@v4	2026-10-06T03:40:50.3254114Z  * [new ref]         2de0b0bc0de4620e2d07252c898911a35d2170f7 -> origin/issue/3-implementation
verify	Run actions/checkout@v4	2026-10-06T03:40:50.3257719Z ##[endgroup]
verify	Run actions/checkout@v4	2026-10-06T03:40:50.3258939Z ##[group]Determining the checkout info
verify	Run actions/checkout@v4	2026-10-06T03:40:50.3260948Z ##[endgroup]
verify	Run actions/checkout@v4	2026-10-06T03:40:50.3267512Z [command]/usr/bin/git sparse-checkout disable
verify	Run actions/checkout@v4	2026-10-06T03:40:50.3310821Z [command]/usr/bin/git config --local --unset-all extensions.worktreeConfig
verify	Run actions/checkout@v4	2026-10-06T03:40:50.3335750Z ##[group]Checking out the ref
verify	Run actions/checkout@v4	2026-10-06T03:40:50.3340073Z [command]/usr/bin/git checkout --progress --force -B issue/3-implementation refs/remotes/origin/issue/3-implementation
verify	Run actions/checkout@v4	2026-10-06T03:40:50.3456657Z Switched to a new branch 'issue/3-implementation'
verify	Run actions/checkout@v4	2026-10-06T03:40:50.3461476Z branch 'issue/3-implementation' set up to track 'origin/issue/3-implementation'.
verify	Run actions/checkout@v4	2026-10-06T03:40:50.3464267Z ##[endgroup]
verify	Run actions/checkout@v4	2026-10-06T03:40:50.3497621Z [command]/usr/bin/git log -1 --format=%H
verify	Run actions/checkout@v4	2026-10-06T03:40:50.3516854Z 2de0b0bc0de4620e2d07252c898911a35d2170f7
verify	Run actions/setup-node@v4	﻿2026-10-06T03:40:50.3761612Z ##[group]Run actions/setup-node@v4
verify	Run actions/setup-node@v4	2026-10-06T03:40:50.3762143Z with:
verify	Run actions/setup-node@v4	2026-10-06T03:40:50.3762507Z   node-version: 22
verify	Run actions/setup-node@v4	2026-10-06T03:40:50.3762895Z   cache: npm
verify	Run actions/setup-node@v4	2026-10-06T03:40:50.3763268Z   always-auth: false
verify	Run actions/setup-node@v4	2026-10-06T03:40:50.3763668Z   check-latest: false
verify	Run actions/setup-node@v4	2026-10-06T03:40:50.3767113Z   token: ***
verify	Run actions/setup-node@v4	2026-10-06T03:40:50.3767639Z ##[endgroup]
verify	Run actions/setup-node@v4	2026-10-06T03:40:50.5121560Z Found in cache @ /opt/hostedtoolcache/node/22.23.3/x64
verify	Run actions/setup-node@v4	2026-10-06T03:40:50.5125320Z (node:2213) [DEP0040] DeprecationWarning: The `punycode` module is deprecated. Please use a userland alternative instead.
verify	Run actions/setup-node@v4	2026-10-06T03:40:50.5127240Z (Use `node --trace-deprecation ...` to show where the warning was created)
verify	Run actions/setup-node@v4	2026-10-06T03:40:50.5128629Z ##[group]Environment details
verify	Run actions/setup-node@v4	2026-10-06T03:40:50.8569718Z node: v22.23.3
verify	Run actions/setup-node@v4	2026-10-06T03:40:50.8571381Z npm: 10.9.9
verify	Run actions/setup-node@v4	2026-10-06T03:40:50.8572596Z yarn: 1.22.22
verify	Run actions/setup-node@v4	2026-10-06T03:40:50.8574932Z ##[endgroup]
verify	Run actions/setup-node@v4	2026-10-06T03:40:50.8613171Z [command]/opt/hostedtoolcache/node/22.23.3/x64/bin/npm config get cache
verify	Run actions/setup-node@v4	2026-10-06T03:40:50.9584764Z /home/runner/.npm
verify	Run actions/setup-node@v4	2026-10-06T03:40:51.1806462Z Cache hit for: node-cache-Linux-x64-npm-52d34251daa5f65daf74fe9b36ae44200d9ed8a9f1413d93493a3c74fdbe2e8b
verify	Run actions/setup-node@v4	2026-10-06T03:40:51.1908308Z (node:2213) [DEP0169] DeprecationWarning: `url.parse()` behavior is not standardized and prone to errors that have security implications. Use the WHATWG URL API instead. CVEs are not issued for `url.parse()` vulnerabilities.
verify	Run actions/setup-node@v4	2026-10-06T03:40:51.4707156Z Received 1022 of 1022 (100.0%), 0.0 MBs/sec
verify	Run actions/setup-node@v4	2026-10-06T03:40:51.4708136Z Cache Size: ~0 MB (1022 B)
verify	Run actions/setup-node@v4	2026-10-06T03:40:51.4733299Z [command]/usr/bin/tar -xf /home/runner/work/_temp/f8f2ec4d-8042-449c-80b6-1a555873a9b2/cache.tzst -P -C /home/runner/work/loop-test2/loop-test2 --use-compress-program unzstd
verify	Run actions/setup-node@v4	2026-10-06T03:40:51.4790791Z Cache restored successfully
verify	Run actions/setup-node@v4	2026-10-06T03:40:51.4793978Z Cache restored from key: node-cache-Linux-x64-npm-52d34251daa5f65daf74fe9b36ae44200d9ed8a9f1413d93493a3c74fdbe2e8b
verify	Run npm ci	﻿2026-10-06T03:40:51.4914230Z ##[group]Run npm ci
verify	Run npm ci	2026-10-06T03:40:51.4914797Z [36;1mnpm ci[0m
verify	Run npm ci	2026-10-06T03:40:51.5107228Z shell: /usr/bin/bash -e {0}
verify	Run npm ci	2026-10-06T03:40:51.5107814Z ##[endgroup]
verify	Run npm ci	2026-10-06T03:40:52.0466420Z 
verify	Run npm ci	2026-10-06T03:40:52.0472676Z up to date, audited 1 package in 479ms
verify	Run npm ci	2026-10-06T03:40:52.0476569Z 
verify	Run npm ci	2026-10-06T03:40:52.0477068Z found 0 vulnerabilities
verify	Run npm test	﻿2026-10-06T03:40:52.0709972Z ##[group]Run npm test
verify	Run npm test	2026-10-06T03:40:52.0710284Z [36;1mnpm test[0m
verify	Run npm test	2026-10-06T03:40:52.0752952Z shell: /usr/bin/bash -e {0}
verify	Run npm test	2026-10-06T03:40:52.0753292Z ##[endgroup]
verify	Run npm test	2026-10-06T03:40:52.1668165Z 
verify	Run npm test	2026-10-06T03:40:52.1668917Z > loop-test2@1.0.0 test
verify	Run npm test	2026-10-06T03:40:52.1669598Z > node --test tests/*.test.mjs
verify	Run npm test	2026-10-06T03:40:52.1669903Z 
verify	Run npm test	2026-10-06T03:40:52.2303733Z TAP version 13
verify	Run npm test	2026-10-06T03:40:52.2874580Z # Subtest: ordinary money values round to cents
verify	Run npm test	2026-10-06T03:40:52.2875825Z ok 1 - ordinary money values round to cents
verify	Run npm test	2026-10-06T03:40:52.2880056Z   ---
verify	Run npm test	2026-10-06T03:40:52.2881699Z   duration_ms: 1.13603
verify	Run npm test	2026-10-06T03:40:52.2882616Z   type: 'test'
verify	Run npm test	2026-10-06T03:40:52.2883162Z   ...
verify	Run npm test	2026-10-06T03:40:52.2883760Z # Subtest: money rejects non-finite inputs
verify	Run npm test	2026-10-06T03:40:52.2884530Z ok 2 - money rejects non-finite inputs
verify	Run npm test	2026-10-06T03:40:52.2885184Z   ---
verify	Run npm test	2026-10-06T03:40:52.2885858Z   duration_ms: 0.588019
verify	Run npm test	2026-10-06T03:40:52.2886406Z   type: 'test'
verify	Run npm test	2026-10-06T03:40:52.2886914Z   ...
verify	Run npm test	2026-10-06T03:40:52.2887609Z # Subtest: quote totals valid amounts and empty lists
verify	Run npm test	2026-10-06T03:40:52.2888499Z ok 3 - quote totals valid amounts and empty lists
verify	Run npm test	2026-10-06T03:40:52.2889107Z   ---
verify	Run npm test	2026-10-06T03:40:52.2889719Z   duration_ms: 0.24406
verify	Run npm test	2026-10-06T03:40:52.2890086Z   type: 'test'
verify	Run npm test	2026-10-06T03:40:52.2890536Z   ...
verify	Run npm test	2026-10-06T03:40:52.2890983Z # Subtest: quote rejects invalid amounts
verify	Run npm test	2026-10-06T03:40:52.2891571Z ok 4 - quote rejects invalid amounts
verify	Run npm test	2026-10-06T03:40:52.2892042Z   ---
verify	Run npm test	2026-10-06T03:40:52.2892365Z   duration_ms: 0.251047
verify	Run npm test	2026-10-06T03:40:52.2892777Z   type: 'test'
verify	Run npm test	2026-10-06T03:40:52.2893120Z   ...
verify	Run npm test	2026-10-06T03:40:52.4665955Z # Subtest: agent process records usage and terminates excessive work without calling a real AI
verify	Run npm test	2026-10-06T03:40:52.4668089Z ok 5 - agent process records usage and terminates excessive work without calling a real AI
verify	Run npm test	2026-10-06T03:40:52.4669384Z   ---
verify	Run npm test	2026-10-06T03:40:52.4670458Z   duration_ms: 187.229205
verify	Run npm test	2026-10-06T03:40:52.4671021Z   type: 'test'
verify	Run npm test	2026-10-06T03:40:52.4671912Z   ...
verify	Run npm test	2026-10-06T03:40:52.4732932Z # Subtest: all issues run once in numeric order and a failure does not stop the queue
verify	Run npm test	2026-10-06T03:40:52.4733693Z ok 6 - all issues run once in numeric order and a failure does not stop the queue
verify	Run npm test	2026-10-06T03:40:52.4734081Z   ---
verify	Run npm test	2026-10-06T03:40:52.4734303Z   duration_ms: 2.060506
verify	Run npm test	2026-10-06T03:40:52.4734553Z   type: 'test'
verify	Run npm test	2026-10-06T03:40:52.4734764Z   ...
verify	Run npm test	2026-10-06T03:40:52.4736139Z # Subtest: blocked items remain in the summary and an empty queue does no work
verify	Run npm test	2026-10-06T03:40:52.4756769Z ok 7 - blocked items remain in the summary and an empty queue does no work
verify	Run npm test	2026-10-06T03:40:52.4757490Z   ---
verify	Run npm test	2026-10-06T03:40:52.4757861Z   duration_ms: 0.404156
verify	Run npm test	2026-10-06T03:40:52.4758261Z   type: 'test'
verify	Run npm test	2026-10-06T03:40:52.4758597Z   ...
verify	Run npm test	2026-10-06T03:40:52.4758959Z # Subtest: no CI and unfinished checks cannot approve
verify	Run npm test	2026-10-06T03:40:52.4759385Z ok 8 - no CI and unfinished checks cannot approve
verify	Run npm test	2026-10-06T03:40:52.4759678Z   ---
verify	Run npm test	2026-10-06T03:40:52.4759907Z   duration_ms: 1.26324
verify	Run npm test	2026-10-06T03:40:52.4760150Z   type: 'test'
verify	Run npm test	2026-10-06T03:40:52.4760360Z   ...
verify	Run npm test	2026-10-06T03:40:52.4760945Z # Subtest: policy rejects CI/package modifications and large diffs
verify	Run npm test	2026-10-06T03:40:52.4761765Z ok 9 - policy rejects CI/package modifications and large diffs
verify	Run npm test	2026-10-06T03:40:52.4762133Z   ---
verify	Run npm test	2026-10-06T03:40:52.4762335Z   duration_ms: 0.6665
verify	Run npm test	2026-10-06T03:40:52.4762568Z   type: 'test'
verify	Run npm test	2026-10-06T03:40:52.4762781Z   ...
verify	Run npm test	2026-10-06T03:40:52.4763103Z # Subtest: issue matching never treats issue 10 as issue 1
verify	Run npm test	2026-10-06T03:40:52.4763528Z ok 10 - issue matching never treats issue 10 as issue 1
verify	Run npm test	2026-10-06T03:40:52.4763835Z   ---
verify	Run npm test	2026-10-06T03:40:52.4764030Z   duration_ms: 0.401525
verify	Run npm test	2026-10-06T03:40:52.4764252Z   type: 'test'
verify	Run npm test	2026-10-06T03:40:52.4764447Z   ...
verify	Run npm test	2026-10-06T03:40:52.4764855Z # Subtest: unknown mode and malformed selectors are rejected
verify	Run npm test	2026-10-06T03:40:52.4765579Z ok 11 - unknown mode and malformed selectors are rejected
verify	Run npm test	2026-10-06T03:40:52.4766106Z   ---
verify	Run npm test	2026-10-06T03:40:52.4766392Z   duration_ms: 1.21367
verify	Run npm test	2026-10-06T03:40:52.4767013Z   type: 'test'
verify	Run npm test	2026-10-06T03:40:52.4767309Z   ...
verify	Run npm test	2026-10-06T03:40:52.4767823Z # Subtest: agent work counting deduplicates start/complete and enforces the action cap
verify	Run npm test	2026-10-06T03:40:52.4768578Z ok 12 - agent work counting deduplicates start/complete and enforces the action cap
verify	Run npm test	2026-10-06T03:40:52.4769030Z   ---
verify	Run npm test	2026-10-06T03:40:52.4769268Z   duration_ms: 2.005362
verify	Run npm test	2026-10-06T03:40:52.4769549Z   type: 'test'
verify	Run npm test	2026-10-06T03:40:52.4769789Z   ...
verify	Run npm test	2026-10-06T03:40:52.4770150Z # Subtest: decimal ties round half away from zero for both signs
verify	Run npm test	2026-10-06T03:40:52.4770717Z ok 13 - decimal ties round half away from zero for both signs
verify	Run npm test	2026-10-06T03:40:52.4771141Z   ---
verify	Run npm test	2026-10-06T03:40:52.4771410Z   duration_ms: 1.410203
verify	Run npm test	2026-10-06T03:40:52.4771714Z   type: 'test'
verify	Run npm test	2026-10-06T03:40:52.4771989Z   ...
verify	Run npm test	2026-10-06T03:40:52.4772428Z # Subtest: rounding uses the standard decimal string on either side of a tie
verify	Run npm test	2026-10-06T03:40:52.4773024Z ok 14 - rounding uses the standard decimal string on either side of a tie
verify	Run npm test	2026-10-06T03:40:52.4773432Z   ---
verify	Run npm test	2026-10-06T03:40:52.4773710Z   duration_ms: 0.372596
verify	Run npm test	2026-10-06T03:40:52.4774086Z   type: 'test'
verify	Run npm test	2026-10-06T03:40:52.4774371Z   ...
verify	Run npm test	2026-10-06T03:40:52.4774796Z # Subtest: tiny scientific values and signed zeros produce positive zero
verify	Run npm test	2026-10-06T03:40:52.4775636Z ok 15 - tiny scientific values and signed zeros produce positive zero
verify	Run npm test	2026-10-06T03:40:52.4776155Z   ---
verify	Run npm test	2026-10-06T03:40:52.4776362Z   duration_ms: 0.253777
verify	Run npm test	2026-10-06T03:40:52.4776599Z   type: 'test'
verify	Run npm test	2026-10-06T03:40:52.4776804Z   ...
verify	Run npm test	2026-10-06T03:40:52.4777170Z # Subtest: large finite scientific values remain unchanged and finite
verify	Run npm test	2026-10-06T03:40:52.4777675Z ok 16 - large finite scientific values remain unchanged and finite
verify	Run npm test	2026-10-06T03:40:52.4778018Z   ---
verify	Run npm test	2026-10-06T03:40:52.4778218Z   duration_ms: 1.217595
verify	Run npm test	2026-10-06T03:40:52.4778445Z   type: 'test'
verify	Run npm test	2026-10-06T03:40:52.4778782Z   ...
verify	Run npm test	2026-10-06T03:40:52.4779117Z # Subtest: money preserves finite-number input validation
verify	Run npm test	2026-10-06T03:40:52.4779723Z ok 17 - money preserves finite-number input validation
verify	Run npm test	2026-10-06T03:40:52.4780037Z   ---
verify	Run npm test	2026-10-06T03:40:52.4780242Z   duration_ms: 1.226276
verify	Run npm test	2026-10-06T03:40:52.4780470Z   type: 'test'
verify	Run npm test	2026-10-06T03:40:52.4780674Z   ...
verify	Run npm test	2026-10-06T03:40:52.4780878Z 1..17
verify	Run npm test	2026-10-06T03:40:52.4781067Z # tests 17
verify	Run npm test	2026-10-06T03:40:52.4781264Z # suites 0
verify	Run npm test	2026-10-06T03:40:52.4781469Z # pass 17
verify	Run npm test	2026-10-06T03:40:52.4781665Z # fail 0
verify	Run npm test	2026-10-06T03:40:52.4781862Z # cancelled 0
verify	Run npm test	2026-10-06T03:40:52.4782072Z # skipped 0
verify	Run npm test	2026-10-06T03:40:52.4782281Z # todo 0
verify	Run npm test	2026-10-06T03:40:52.4782506Z # duration_ms 260.569389
verify	Run npm run lint	﻿2026-10-06T03:40:52.4862924Z ##[group]Run npm run lint
verify	Run npm run lint	2026-10-06T03:40:52.4863222Z [36;1mnpm run lint[0m
verify	Run npm run lint	2026-10-06T03:40:52.4903985Z shell: /usr/bin/bash -e {0}
verify	Run npm run lint	2026-10-06T03:40:52.4904287Z ##[endgroup]
verify	Run npm run lint	2026-10-06T03:40:52.5798443Z 
verify	Run npm run lint	2026-10-06T03:40:52.5799222Z > loop-test2@1.0.0 lint
verify	Run npm run lint	2026-10-06T03:40:52.5799792Z > node scripts/lint.mjs
verify	Run npm run lint	2026-10-06T03:40:52.5800059Z 
verify	Post Run actions/setup-node@v4	﻿2026-10-06T03:40:52.9774874Z Post job cleanup.
verify	Post Run actions/setup-node@v4	2026-10-06T03:40:53.1012235Z (node:2476) [DEP0040] DeprecationWarning: The `punycode` module is deprecated. Please use a userland alternative instead.
verify	Post Run actions/setup-node@v4	2026-10-06T03:40:53.1013093Z (Use `node --trace-deprecation ...` to show where the warning was created)
verify	Post Run actions/setup-node@v4	2026-10-06T03:40:53.1016465Z Cache hit occurred on the primary key node-cache-Linux-x64-npm-52d34251daa5f65daf74fe9b36ae44200d9ed8a9f1413d93493a3c74fdbe2e8b, not saving cache.
verify	Post Run actions/checkout@v4	﻿2026-10-06T03:40:53.1135071Z Post job cleanup.
verify	Post Run actions/checkout@v4	2026-10-06T03:40:53.1983600Z [command]/usr/bin/git version
verify	Post Run actions/checkout@v4	2026-10-06T03:40:53.2021251Z git version 2.55.0
verify	Post Run actions/checkout@v4	2026-10-06T03:40:53.2056318Z Temporarily overriding HOME='/home/runner/work/_temp/2ef8cb30-3ebf-4876-bac4-0d1016a6cff5' before making global git config changes
verify	Post Run actions/checkout@v4	2026-10-06T03:40:53.2058091Z Adding repository directory to the temporary git global config as a safe directory
verify	Post Run actions/checkout@v4	2026-10-06T03:40:53.2062392Z [command]/usr/bin/git config --global --add safe.directory /home/runner/work/loop-test2/loop-test2
verify	Post Run actions/checkout@v4	2026-10-06T03:40:53.2098566Z [command]/usr/bin/git config --local --name-only --get-regexp core\.sshCommand
verify	Post Run actions/checkout@v4	2026-10-06T03:40:53.2133459Z [command]/usr/bin/git submodule foreach --recursive sh -c "git config --local --name-only --get-regexp 'core\.sshCommand' && git config --local --unset-all 'core.sshCommand' || :"
verify	Post Run actions/checkout@v4	2026-10-06T03:40:53.2329505Z [command]/usr/bin/git config --local --name-only --get-regexp http\.https\:\/\/github\.com\/\.extraheader
verify	Post Run actions/checkout@v4	2026-10-06T03:40:53.2355886Z http.https://github.com/.extraheader
verify	Post Run actions/checkout@v4	2026-10-06T03:40:53.2367904Z [command]/usr/bin/git config --local --unset-all http.https://github.com/.extraheader
verify	Post Run actions/checkout@v4	2026-10-06T03:40:53.2398510Z [command]/usr/bin/git submodule foreach --recursive sh -c "git config --local --name-only --get-regexp 'http\.https\:\/\/github\.com\/\.extraheader' && git config --local --unset-all 'http.https://github.com/.extraheader' || :"
verify	Post Run actions/checkout@v4	2026-10-06T03:40:53.2607011Z [command]/usr/bin/git config --local --name-only --get-regexp ^includeIf\.gitdir:
verify	Post Run actions/checkout@v4	2026-10-06T03:40:53.2637361Z [command]/usr/bin/git submodule foreach --recursive git config --local --show-origin --name-only --get-regexp remote.origin.url
verify	Complete job	﻿2026-10-06T03:40:53.3130535Z Cleaning up orphan processes
verify	Complete job	2026-10-06T03:40:53.3388404Z ##[warning]Node.js 20 is deprecated. The following actions target Node.js 20 but are being forced to run on Node.js 24: actions/checkout@v4, actions/setup-node@v4. For more information see: https://github.blog/changelog/2025-09-19-deprecation-of-node-20-on-github-actions-runners/
